// Jest Snapshot v1, https://goo.gl/fbAQLP

exports[`renders correctly 1`] = `
Array [
  <div
    className="alingElementNav"
  >
    <img
      className="nav-logo"
      src="./img/logo-txt-orange.png"
    />
    <div
      className="alingSearchBar"
    >
      <input
        className="input is-rounded is-small searchBar "
        id="searchbar "
        name="searchbar"
        placeholder="Search"
        type="email"
      />
      <div>
        <div
          className="dropdown"
        >
          <div
            className="dropdown-trigger"
          >
            <button
              aria-controls="dropdown-menu3"
              aria-haspopup="true"
              className="button primaryBtn "
              onClick={[Function]}
            >
              <span>
                Categories
              </span>
            </button>
          </div>
          <div
            className="dropdown-menu"
            id="dropdown-menu3"
            role="menu"
          >
            <div
              className="dropdown-content"
            >
              <a
                className="dropdown-item"
                href="#"
              >
                Clothing
              </a>
              <a
                className="dropdown-item"
                href="#"
              >
                Books
              </a>
              <a
                className="dropdown-item"
                href="#"
              >
                Outdoor
              </a>
              <a
                className="dropdown-item"
                href="#"
              >
                Eletronics
              </a>
              <a
                className="dropdown-item"
                href="#"
              >
                Homewear
              </a>
              <a
                className="dropdown-item"
                href="#"
              >
                Arts
              </a>
              <a
                className="dropdown-item"
                href="#"
              >
                Eletronics
              </a>
              <a
                className="dropdown-item"
                href="#"
              >
                Gamin
              </a>
            </div>
          </div>
        </div>
      </div>
    </div>
  </div>,
  <div
    className="columns"
  >
    <a
      className=""
      href="#/ListAnItem"
      onClick={[Function]}
    >
      Add Item
    </a>
    <a
      href="#/ItemDetails"
      onClick={[Function]}
    >
      Item Details
    </a>
  </div>,
  <ul
    className="imageGridContainer"
  >
    <li
      className="imageGridItem"
    >
      <img
        src="https://images.unsplash.com/photo-1551963831-b3b1ca40c98e"
        title="Breakfast"
      />
    </li>
    <li
      className="imageGridItem"
    >
      <img
        src="https://images.unsplash.com/photo-1551782450-a2132b4ba21d"
        title="Burger"
      />
    </li>
    <li
      className="imageGridItem"
    >
      <img
        src="https://images.unsplash.com/photo-1522770179533-24471fcdba45"
        title="Camera"
      />
    </li>
    <li
      className="imageGridItem"
    >
      <img
        src="https://images.unsplash.com/photo-1444418776041-9c7e33cc5a9c"
        title="Coffee"
      />
    </li>
    <li
      className="imageGridItem"
    >
      <img
        src="https://images.unsplash.com/photo-1533827432537-70133748f5c8"
        title="Hats"
      />
    </li>
    <li
      className="imageGridItem"
    >
      <img
        src="https://images.unsplash.com/photo-1558642452-9d2a7deb7f62"
        title="Honey"
      />
    </li>
    <li
      className="imageGridItem"
    >
      <img
        src="https://images.unsplash.com/photo-1516802273409-68526ee1bdd6"
        title="Basketball"
      />
    </li>
    <li
      className="imageGridItem"
    >
      <img
        src="https://images.unsplash.com/photo-1518756131217-31eb79b20e8f"
        title="Fern"
      />
    </li>
    <li
      className="imageGridItem"
    >
      <img
        src="https://images.unsplash.com/photo-1597645587822-e99fa5d45d25"
        title="Mushrooms"
      />
    </li>
    <li
      className="imageGridItem"
    >
      <img
        src="https://images.unsplash.com/photo-1567306301408-9b74779a11af"
        title="Tomato basil"
      />
    </li>
    <li
      className="imageGridItem"
    >
      <img
        src="https://images.unsplash.com/photo-1471357674240-e1a485acb3e1"
        title="Sea star"
      />
    </li>
    <li
      className="imageGridItem"
    >
      <img
        src="https://images.unsplash.com/photo-1589118949245-7d38baf380d6"
        title="Bike"
      />
    </li>
  </ul>,
  <div
    className="footer"
  >
    <footer>
      <p>
        © 2020 GiveMe. All rights reserved
      </p>
      <a
        className="fa fa-facebook"
        href="#"
      />
      <a
        className="fa fa-twitter"
        href="#"
      />
      <a
        className="fa fa-google"
        href="#"
      />
      <a
        className="fa fa-github"
        href="https://github.com/pohutukawa-2020/GiveMe"
        rel="noreferrer"
        target="_blank"
      />
    </footer>
  </div>,
]
`;
