// Jest Snapshot v1, https://goo.gl/fbAQLP

exports[`renders correctly 1`] = `
<div
  className="ImageUpload"
>
  <input
    name="file"
    onChange={[Function]}
    placeholder="Upload an Image"
    type="file"
  />
  <img
    src=""
    style={
      Object {
        "width": "300px",
      }
    }
  />
</div>
`;
