// Jest Snapshot v1, https://goo.gl/fbAQLP

exports[`renders correctly 1`] = `
<div
  className="itemForm"
>
  <div
    className="imgContainer"
  >
    <img
      className="cityImg"
      src="./img/city.png"
    />
  </div>
  <div
    className="formRight"
  >
    <h1>
      List a new item
    </h1>
    <form
      onSubmit={[Function]}
    >
      <input
        className="formInput"
        name="name"
        onChange={[Function]}
        placeholder="Item Name"
        type="text"
        value=""
      />
      <input
        className="formInput"
        name="category"
        onChange={[Function]}
        placeholder="Category"
        type="text"
        value=""
      />
      <div
        className="ImageUpload"
      >
        <input
          name="file"
          onChange={[Function]}
          placeholder="Upload an Image"
          type="file"
        />
        <img
          src=""
          style={
            Object {
              "width": "300px",
            }
          }
        />
      </div>
      <textarea
        className="textarea"
        name="description"
        onChange={[Function]}
        placeholder="Item Description"
        value=""
      />
      <input
        className="formInput"
        name="location"
        onChange={[Function]}
        placeholder="Location"
        type="text"
        value=""
      />
      <button
        className="button primaryBtn"
      >
        Add Item
      </button>
    </form>
  </div>
</div>
`;
