// Jest Snapshot v1, https://goo.gl/fbAQLP

exports[`renders correctly 1`] = `
<div
  className="alingElementNav"
>
  <img
    className="nav-logo"
    src="./img/logo-txt-orange.png"
  />
  <div
    className="alingSearchBar"
  >
    <input
      className="input is-rounded is-small searchBar "
      id="searchbar "
      name="searchbar"
      placeholder="Search"
      type="email"
    />
    <div>
      <div
        className="dropdown"
      >
        <div
          className="dropdown-trigger"
        >
          <button
            aria-controls="dropdown-menu3"
            aria-haspopup="true"
            className="button primaryBtn "
            onClick={[Function]}
          >
            <span>
              Categories
            </span>
          </button>
        </div>
        <div
          className="dropdown-menu"
          id="dropdown-menu3"
          role="menu"
        >
          <div
            className="dropdown-content"
          >
            <a
              className="dropdown-item"
              href="#"
            >
              Clothing
            </a>
            <a
              className="dropdown-item"
              href="#"
            >
              Books
            </a>
            <a
              className="dropdown-item"
              href="#"
            >
              Outdoor
            </a>
            <a
              className="dropdown-item"
              href="#"
            >
              Eletronics
            </a>
            <a
              className="dropdown-item"
              href="#"
            >
              Homewear
            </a>
            <a
              className="dropdown-item"
              href="#"
            >
              Arts
            </a>
            <a
              className="dropdown-item"
              href="#"
            >
              Eletronics
            </a>
            <a
              className="dropdown-item"
              href="#"
            >
              Gamin
            </a>
          </div>
        </div>
      </div>
    </div>
  </div>
</div>
`;
